
> starpay-grow-clone@0.1.0 build
> next build

笆ｲ Next.js 16.1.6 (Turbopack)
- Environments: .env.local

  Creating an optimized production build ...
笨・Compiled successfully in 5.1s
  Running TypeScript ...
Failed to compile.

./src/app/dashboard/coupons/coupon-toggle.tsx:17:54
Type error: Expected 1 arguments, but got 2.

  15 |         const newStatus = !isActive
  16 |         try {
> 17 |             await toggleCouponStatusAction(couponId, newStatus)
     |                                                      ^
  18 |             setIsActive(newStatus)
  19 |             toast.success(newStatus ? '繧ｯ繝ｼ繝昴Φ繧呈怏蜉ｹ縺ｫ縺励∪縺励◆' : '繧ｯ繝ｼ繝昴Φ繧堤┌蜉ｹ縺ｫ縺励∪縺励◆')
  20 |         } catch {
Next.js build worker exited with code: 1 and signal: null
